Archive member included to satisfy reference by file (symbol)

c:/program files (x86)/atmel/studio/7.0/toolchain/avr8/avr8-gnu-toolchain/bin/../lib/gcc/avr/5.4.0/avrxmega6\libgcc.a(_exit.o)
                              C:/Program Files (x86)/Atmel/Studio/7.0/Packs/atmel/XMEGAB_DFP/1.1.55/gcc/dev/atxmega128b1/avrxmega6/crtatxmega128b1.o (exit)

Discarded input sections

 .data          0x00000000        0x0 C:/Program Files (x86)/Atmel/Studio/7.0/Packs/atmel/XMEGAB_DFP/1.1.55/gcc/dev/atxmega128b1/avrxmega6/crtatxmega128b1.o
 .bss           0x00000000        0x0 C:/Program Files (x86)/Atmel/Studio/7.0/Packs/atmel/XMEGAB_DFP/1.1.55/gcc/dev/atxmega128b1/avrxmega6/crtatxmega128b1.o
 .text          0x00000000        0x0 fys3240_lab1.o
 .data          0x00000000        0x0 fys3240_lab1.o
 .bss           0x00000000        0x0 fys3240_lab1.o
 .text.port_dir_out
                0x00000000        0x6 fys3240_lab1.o
 .text.port_dir_in
                0x00000000        0x6 fys3240_lab1.o
 .text.write_port_value
                0x00000000        0xa fys3240_lab1.o
 .text.read_port_value
                0x00000000        0x6 fys3240_lab1.o
 .text.CCPWrite
                0x00000000       0x2a fys3240_lab1.o
 .text.getButtonInput
                0x00000000        0x8 fys3240_lab1.o
 .text.flash_on_keypress
                0x00000000        0xa fys3240_lab1.o
 .text.init_leds
                0x00000000        0x8 fys3240_lab1.o
 .text          0x00000000        0x0 main.o
 .data          0x00000000        0x0 main.o
 .bss           0x00000000        0x0 main.o
 .text          0x00000000        0x0 c:/program files (x86)/atmel/studio/7.0/toolchain/avr8/avr8-gnu-toolchain/bin/../lib/gcc/avr/5.4.0/avrxmega6\libgcc.a(_exit.o)
 .data          0x00000000        0x0 c:/program files (x86)/atmel/studio/7.0/toolchain/avr8/avr8-gnu-toolchain/bin/../lib/gcc/avr/5.4.0/avrxmega6\libgcc.a(_exit.o)
 .bss           0x00000000        0x0 c:/program files (x86)/atmel/studio/7.0/toolchain/avr8/avr8-gnu-toolchain/bin/../lib/gcc/avr/5.4.0/avrxmega6\libgcc.a(_exit.o)
 .text.libgcc.mul
                0x00000000        0x0 c:/program files (x86)/atmel/studio/7.0/toolchain/avr8/avr8-gnu-toolchain/bin/../lib/gcc/avr/5.4.0/avrxmega6\libgcc.a(_exit.o)
 .text.libgcc.div
                0x00000000        0x0 c:/program files (x86)/atmel/studio/7.0/toolchain/avr8/avr8-gnu-toolchain/bin/../lib/gcc/avr/5.4.0/avrxmega6\libgcc.a(_exit.o)
 .text.libgcc   0x00000000        0x0 c:/program files (x86)/atmel/studio/7.0/toolchain/avr8/avr8-gnu-toolchain/bin/../lib/gcc/avr/5.4.0/avrxmega6\libgcc.a(_exit.o)
 .text.libgcc.prologue
                0x00000000        0x0 c:/program files (x86)/atmel/studio/7.0/toolchain/avr8/avr8-gnu-toolchain/bin/../lib/gcc/avr/5.4.0/avrxmega6\libgcc.a(_exit.o)
 .text.libgcc.builtins
                0x00000000        0x0 c:/program files (x86)/atmel/studio/7.0/toolchain/avr8/avr8-gnu-toolchain/bin/../lib/gcc/avr/5.4.0/avrxmega6\libgcc.a(_exit.o)
 .text.libgcc.fmul
                0x00000000        0x0 c:/program files (x86)/atmel/studio/7.0/toolchain/avr8/avr8-gnu-toolchain/bin/../lib/gcc/avr/5.4.0/avrxmega6\libgcc.a(_exit.o)
 .text.libgcc.fixed
                0x00000000        0x0 c:/program files (x86)/atmel/studio/7.0/toolchain/avr8/avr8-gnu-toolchain/bin/../lib/gcc/avr/5.4.0/avrxmega6\libgcc.a(_exit.o)

Memory Configuration

Name             Origin             Length             Attributes
text             0x00000000         0x00100000         xr
data             0x00802000         0x0000ffa0         rw !x
eeprom           0x00810000         0x00010000         rw !x
fuse             0x00820000         0x00000006         rw !x
lock             0x00830000         0x00000400         rw !x
signature        0x00840000         0x00000400         rw !x
user_signatures  0x00850000         0x00000400         rw !x
*default*        0x00000000         0xffffffff

Linker script and memory map

LOAD C:/Program Files (x86)/Atmel/Studio/7.0/Packs/atmel/XMEGAB_DFP/1.1.55/gcc/dev/atxmega128b1/avrxmega6/crtatxmega128b1.o
LOAD fys3240_lab1.o
LOAD main.o
START GROUP
LOAD c:/program files (x86)/atmel/studio/7.0/toolchain/avr8/avr8-gnu-toolchain/bin/../lib/gcc/avr/5.4.0/../../../../avr/lib/avrxmega6\libm.a
END GROUP
START GROUP
LOAD c:/program files (x86)/atmel/studio/7.0/toolchain/avr8/avr8-gnu-toolchain/bin/../lib/gcc/avr/5.4.0/avrxmega6\libgcc.a
LOAD c:/program files (x86)/atmel/studio/7.0/toolchain/avr8/avr8-gnu-toolchain/bin/../lib/gcc/avr/5.4.0/../../../../avr/lib/avrxmega6\libm.a
LOAD c:/program files (x86)/atmel/studio/7.0/toolchain/avr8/avr8-gnu-toolchain/bin/../lib/gcc/avr/5.4.0/../../../../avr/lib/avrxmega6\libc.a
LOAD C:/Program Files (x86)/Atmel/Studio/7.0/Packs/atmel/XMEGAB_DFP/1.1.55/gcc/dev/atxmega128b1/avrxmega6\libatxmega128b1.a
END GROUP
                0x00100000                __TEXT_REGION_LENGTH__ = DEFINED (__TEXT_REGION_LENGTH__)?__TEXT_REGION_LENGTH__:0x100000
                0x0000ffa0                __DATA_REGION_LENGTH__ = DEFINED (__DATA_REGION_LENGTH__)?__DATA_REGION_LENGTH__:0xffa0
                0x00010000                __EEPROM_REGION_LENGTH__ = DEFINED (__EEPROM_REGION_LENGTH__)?__EEPROM_REGION_LENGTH__:0x10000
                [0x00000006]                __FUSE_REGION_LENGTH__ = DEFINED (__FUSE_REGION_LENGTH__)?__FUSE_REGION_LENGTH__:0x400
                0x00000400                __LOCK_REGION_LENGTH__ = DEFINED (__LOCK_REGION_LENGTH__)?__LOCK_REGION_LENGTH__:0x400
                0x00000400                __SIGNATURE_REGION_LENGTH__ = DEFINED (__SIGNATURE_REGION_LENGTH__)?__SIGNATURE_REGION_LENGTH__:0x400
                0x00000400                __USER_SIGNATURE_REGION_LENGTH__ = DEFINED (__USER_SIGNATURE_REGION_LENGTH__)?__USER_SIGNATURE_REGION_LENGTH__:0x400

.hash
 *(.hash)

.dynsym
 *(.dynsym)

.dynstr
 *(.dynstr)

.gnu.version
 *(.gnu.version)

.gnu.version_d
 *(.gnu.version_d)

.gnu.version_r
 *(.gnu.version_r)

.rel.init
 *(.rel.init)

.rela.init
 *(.rela.init)

.rel.text
 *(.rel.text)
 *(.rel.text.*)
 *(.rel.gnu.linkonce.t*)

.rela.text
 *(.rela.text)
 *(.rela.text.*)
 *(.rela.gnu.linkonce.t*)

.rel.fini
 *(.rel.fini)

.rela.fini
 *(.rela.fini)

.rel.rodata
 *(.rel.rodata)
 *(.rel.rodata.*)
 *(.rel.gnu.linkonce.r*)

.rela.rodata
 *(.rela.rodata)
 *(.rela.rodata.*)
 *(.rela.gnu.linkonce.r*)

.rel.data
 *(.rel.data)
 *(.rel.data.*)
 *(.rel.gnu.linkonce.d*)

.rela.data
 *(.rela.data)
 *(.rela.data.*)
 *(.rela.gnu.linkonce.d*)

.rel.ctors
 *(.rel.ctors)

.rela.ctors
 *(.rela.ctors)

.rel.dtors
 *(.rel.dtors)

.rela.dtors
 *(.rela.dtors)

.rel.got
 *(.rel.got)

.rela.got
 *(.rela.got)

.rel.bss
 *(.rel.bss)

.rela.bss
 *(.rela.bss)

.rel.plt
 *(.rel.plt)

.rela.plt
 *(.rela.plt)

.text           0x00000000      0x1fc
 *(.vectors)
 .vectors       0x00000000      0x144 C:/Program Files (x86)/Atmel/Studio/7.0/Packs/atmel/XMEGAB_DFP/1.1.55/gcc/dev/atxmega128b1/avrxmega6/crtatxmega128b1.o
                0x00000000                __vector_default
                0x00000000                __vectors
 *(.vectors)
 *(.progmem.gcc*)
                0x00000144                . = ALIGN (0x2)
                0x00000144                __trampolines_start = .
 *(.trampolines)
 .trampolines   0x00000144        0x0 linker stubs
 *(.trampolines*)
                0x00000144                __trampolines_end = .
 *libprintf_flt.a:*(.progmem.data)
 *libc.a:*(.progmem.data)
 *(.progmem*)
                0x00000144                . = ALIGN (0x2)
 *(.jumptables)
 *(.jumptables*)
 *(.lowtext)
 *(.lowtext*)
                0x00000144                __ctors_start = .
 *(.ctors)
                0x00000144                __ctors_end = .
                0x00000144                __dtors_start = .
 *(.dtors)
                0x00000144                __dtors_end = .
 SORT(*)(.ctors)
 SORT(*)(.dtors)
 *(.init0)
 .init0         0x00000144        0x0 C:/Program Files (x86)/Atmel/Studio/7.0/Packs/atmel/XMEGAB_DFP/1.1.55/gcc/dev/atxmega128b1/avrxmega6/crtatxmega128b1.o
                0x00000144                __init
 *(.init0)
 *(.init1)
 *(.init1)
 *(.init2)
 .init2         0x00000144       0x10 C:/Program Files (x86)/Atmel/Studio/7.0/Packs/atmel/XMEGAB_DFP/1.1.55/gcc/dev/atxmega128b1/avrxmega6/crtatxmega128b1.o
 *(.init2)
 *(.init3)
 *(.init3)
 *(.init4)
 *(.init4)
 *(.init5)
 *(.init5)
 *(.init6)
 *(.init6)
 *(.init7)
 *(.init7)
 *(.init8)
 *(.init8)
 *(.init9)
 .init9         0x00000154        0x8 C:/Program Files (x86)/Atmel/Studio/7.0/Packs/atmel/XMEGAB_DFP/1.1.55/gcc/dev/atxmega128b1/avrxmega6/crtatxmega128b1.o
 *(.init9)
 *(.text)
 .text          0x0000015c        0x4 C:/Program Files (x86)/Atmel/Studio/7.0/Packs/atmel/XMEGAB_DFP/1.1.55/gcc/dev/atxmega128b1/avrxmega6/crtatxmega128b1.o
                0x0000015c                __vector_38
                0x0000015c                __vector_22
                0x0000015c                __vector_63
                0x0000015c                __vector_28
                0x0000015c                __vector_67
                0x0000015c                __vector_1
                0x0000015c                __vector_32
                0x0000015c                __vector_75
                0x0000015c                __vector_71
                0x0000015c                __vector_34
                0x0000015c                __vector_62
                0x0000015c                __vector_77
                0x0000015c                __vector_24
                0x0000015c                __vector_12
                0x0000015c                __vector_55
                0x0000015c                __vector_69
                0x0000015c                __vector_46
                0x0000015c                __bad_interrupt
                0x0000015c                __vector_72
                0x0000015c                __vector_6
                0x0000015c                __vector_31
                0x0000015c                __vector_35
                0x0000015c                __vector_78
                0x0000015c                __vector_74
                0x0000015c                __vector_39
                0x0000015c                __vector_3
                0x0000015c                __vector_23
                0x0000015c                __vector_68
                0x0000015c                __vector_30
                0x0000015c                __vector_73
                0x0000015c                __vector_45
                0x0000015c                __vector_25
                0x0000015c                __vector_61
                0x0000015c                __vector_11
                0x0000015c                __vector_54
                0x0000015c                __vector_13
                0x0000015c                __vector_17
                0x0000015c                __vector_19
                0x0000015c                __vector_56
                0x0000015c                __vector_7
                0x0000015c                __vector_49
                0x0000015c                __vector_41
                0x0000015c                __vector_64
                0x0000015c                __vector_43
                0x0000015c                __vector_27
                0x0000015c                __vector_5
                0x0000015c                __vector_33
                0x0000015c                __vector_76
                0x0000015c                __vector_47
                0x0000015c                __vector_52
                0x0000015c                __vector_37
                0x0000015c                __vector_4
                0x0000015c                __vector_44
                0x0000015c                __vector_51
                0x0000015c                __vector_9
                0x0000015c                __vector_2
                0x0000015c                __vector_21
                0x0000015c                __vector_15
                0x0000015c                __vector_66
                0x0000015c                __vector_36
                0x0000015c                __vector_79
                0x0000015c                __vector_58
                0x0000015c                __vector_70
                0x0000015c                __vector_29
                0x0000015c                __vector_60
                0x0000015c                __vector_40
                0x0000015c                __vector_8
                0x0000015c                __vector_26
                0x0000015c                __vector_48
                0x0000015c                __vector_80
                0x0000015c                __vector_14
                0x0000015c                __vector_57
                0x0000015c                __vector_53
                0x0000015c                __vector_10
                0x0000015c                __vector_50
                0x0000015c                __vector_16
                0x0000015c                __vector_59
                0x0000015c                __vector_18
                0x0000015c                __vector_20
                0x0000015c                __vector_42
                0x0000015c                __vector_65
                0x00000160                . = ALIGN (0x2)
 *(.text.*)
 .text.init_32M_clock
                0x00000160       0x24 fys3240_lab1.o
                0x00000160                init_32M_clock
 .text.put_on_leds
                0x00000184       0x12 fys3240_lab1.o
                0x00000184                put_on_leds
 .text.led_counter
                0x00000196       0x2a fys3240_lab1.o
                0x00000196                led_counter
 .text.init_buttons
                0x000001c0       0x14 fys3240_lab1.o
                0x000001c0                init_buttons
 .text.init_buttons_and_leds
                0x000001d4        0xc fys3240_lab1.o
                0x000001d4                init_buttons_and_leds
 .text.startup.main
                0x000001e0       0x18 main.o
                0x000001e0                main
                0x000001f8                . = ALIGN (0x2)
 *(.fini9)
 .fini9         0x000001f8        0x0 c:/program files (x86)/atmel/studio/7.0/toolchain/avr8/avr8-gnu-toolchain/bin/../lib/gcc/avr/5.4.0/avrxmega6\libgcc.a(_exit.o)
                0x000001f8                _exit
                0x000001f8                exit
 *(.fini9)
 *(.fini8)
 *(.fini8)
 *(.fini7)
 *(.fini7)
 *(.fini6)
 *(.fini6)
 *(.fini5)
 *(.fini5)
 *(.fini4)
 *(.fini4)
 *(.fini3)
 *(.fini3)
 *(.fini2)
 *(.fini2)
 *(.fini1)
 *(.fini1)
 *(.fini0)
 .fini0         0x000001f8        0x4 c:/program files (x86)/atmel/studio/7.0/toolchain/avr8/avr8-gnu-toolchain/bin/../lib/gcc/avr/5.4.0/avrxmega6\libgcc.a(_exit.o)
 *(.fini0)
                0x000001fc                _etext = .

.data           0x00802000        0x0 load address 0x000001fc
                [!provide]                PROVIDE (__data_start, .)
 *(.data)
 *(.data*)
 *(.gnu.linkonce.d*)
 *(.rodata)
 *(.rodata*)
 *(.gnu.linkonce.r*)
                0x00802000                . = ALIGN (0x2)
                0x00802000                _edata = .
                [!provide]                PROVIDE (__data_end, .)

.bss            0x00802000        0x0
                [!provide]                PROVIDE (__bss_start, .)
 *(.bss)
 *(.bss*)
 *(COMMON)
                [!provide]                PROVIDE (__bss_end, .)
                0x000001fc                __data_load_start = LOADADDR (.data)
                0x000001fc                __data_load_end = (__data_load_start + SIZEOF (.data))

.noinit         0x00802000        0x0
                [!provide]                PROVIDE (__noinit_start, .)
 *(.noinit*)
                [!provide]                PROVIDE (__noinit_end, .)
                0x00802000                _end = .
                [!provide]                PROVIDE (__heap_start, .)

.eeprom         0x00810000        0x0
 *(.eeprom*)
                0x00810000                __eeprom_end = .

.fuse
 *(.fuse)
 *(.lfuse)
 *(.hfuse)
 *(.efuse)

.lock
 *(.lock*)

.signature
 *(.signature*)

.user_signatures
 *(.user_signatures*)

.stab
 *(.stab)

.stabstr
 *(.stabstr)

.stab.excl
 *(.stab.excl)

.stab.exclstr
 *(.stab.exclstr)

.stab.index
 *(.stab.index)

.stab.indexstr
 *(.stab.indexstr)

.comment        0x00000000       0x30
 *(.comment)
 .comment       0x00000000       0x30 fys3240_lab1.o
                                 0x31 (size before relaxing)
 .comment       0x00000030       0x31 main.o

.note.gnu.avr.deviceinfo
                0x00000000       0x40
 .note.gnu.avr.deviceinfo
                0x00000000       0x40 C:/Program Files (x86)/Atmel/Studio/7.0/Packs/atmel/XMEGAB_DFP/1.1.55/gcc/dev/atxmega128b1/avrxmega6/crtatxmega128b1.o

.note.gnu.build-id
 *(.note.gnu.build-id)

.debug
 *(.debug)

.line
 *(.line)

.debug_srcinfo
 *(.debug_srcinfo)

.debug_sfnames
 *(.debug_sfnames)

.debug_aranges
 *(.debug_aranges)

.debug_pubnames
 *(.debug_pubnames)

.debug_info     0x00000000     0x277e
 *(.debug_info .gnu.linkonce.wi.*)
 .debug_info    0x00000000     0x277e C:/Program Files (x86)/Atmel/Studio/7.0/Packs/atmel/XMEGAB_DFP/1.1.55/gcc/dev/atxmega128b1/avrxmega6/crtatxmega128b1.o

.debug_abbrev   0x00000000     0x2566
 *(.debug_abbrev)
 .debug_abbrev  0x00000000     0x2566 C:/Program Files (x86)/Atmel/Studio/7.0/Packs/atmel/XMEGAB_DFP/1.1.55/gcc/dev/atxmega128b1/avrxmega6/crtatxmega128b1.o

.debug_line     0x00000000      0x289
 *(.debug_line .debug_line.* .debug_line_end)
 .debug_line    0x00000000      0x289 C:/Program Files (x86)/Atmel/Studio/7.0/Packs/atmel/XMEGAB_DFP/1.1.55/gcc/dev/atxmega128b1/avrxmega6/crtatxmega128b1.o

.debug_frame
 *(.debug_frame)

.debug_str      0x00000000     0x19f8
 *(.debug_str)
 .debug_str     0x00000000     0x19f8 C:/Program Files (x86)/Atmel/Studio/7.0/Packs/atmel/XMEGAB_DFP/1.1.55/gcc/dev/atxmega128b1/avrxmega6/crtatxmega128b1.o

.debug_loc
 *(.debug_loc)

.debug_macinfo
 *(.debug_macinfo)

.debug_weaknames
 *(.debug_weaknames)

.debug_funcnames
 *(.debug_funcnames)

.debug_typenames
 *(.debug_typenames)

.debug_varnames
 *(.debug_varnames)

.debug_pubtypes
 *(.debug_pubtypes)

.debug_ranges
 *(.debug_ranges)

.debug_macro
 *(.debug_macro)
OUTPUT(Lab1.elf elf32-avr)
LOAD linker stubs
